>>> matrix_divided = __import__('2-matrix_divided').matrix_divided

>>> matrix = [[2, 2, 2],[6, 6, 6]]

>>> matrix_divided(matrix, 2)
[[1.0, 1.0, 1.0], [3.0, 3.0, 3.0]]

>>> matrix = [[2, 2, "f"],[6, 6, 6]]
>>> try:
...     matrix_divided(matrix, 2)
... except TypeError as e:
...     str(e)
'matrix must be a matrix (list of lists) of integers/floats'
